---------------------------
AutoNexus / Auto CLI
---------------------------
Loading AmConfig from Some("C:\\Users\\zhaop\\.auto\\auto-man\\am.at")...
AmConfig: AmConfig {
  name: default
  index: {
    default: git@gitee.com:auto-stack/auto-index.git
    boe: git@codeup.aliyun.com:soutek/boe/index.git
    soutek: git@codeup.aliyun.com:soutek/auto-stack/auto-index.git
  }
}


Loaded port: windows_ninja
port NAME: windows_ninja
05:26:13 [0m[33m[WARN] [0mPac::new: skipping unknown target node 'rust_sidecar'
all index: {"default": "git@gitee.com:auto-stack/auto-index.git", "boe": "git@codeup.aliyun.com:soutek/boe/index.git", "soutek": "git@codeup.aliyun.com:soutek/auto-stack/auto-index.git"}
used index: ["default"]
05:26:13 [0m[34m[INFO] [0mloading index store from C:/Users/zhaop/.auto/auto-man/index/default
setting port builder: windows_ninja ninja, at build
05:26:13 [0m[34m[INFO] [0mAutoCache initialized for project: auto-term
  Backend API server port: 17401 (from pac.at)
  Frontend dev server port: 17400 (from pac.at)
  VM window size: 802x482 (from pac.at)
  VM window title: 终端 (from pac.at)
  UI theme: dark (from pac.at)
05:26:13 [0m[34m[INFO] [0mRunning project ...

------------ output ------------
─────────────────────────────────
Cache: 1 files, 1 artifacts cached
─────────────────────────────────

  ✓ vm+vm merged mode: backend runs in-process (no HTTP server)
05:26:13 [0m[33m[WARN] [0mPac::new: skipping unknown target node 'rust_sidecar'
Running VM interpreter UI (backend: vm, merged)
05:26:13 [0m[33m[WARN] [0mPac::new: skipping unknown target node 'rust_sidecar'
05:26:13 [0m[34m[INFO] [0mDownloading deps
05:26:13 [0m[34m[INFO] [0mdownload done!
05:26:13 [0m[34m[INFO] [0m--- pac: auto-term ---

╭──────┬──────┬────┬──────╮
│[94m [39m[94mname[39m[94m [39m│[94m [39m[94mkind[39m[94m [39m│[94m [39m[94mat[39m[94m [39m│[94m [39m[94mdirs[39m[94m [39m│
╰──────┴──────┴────┴──────╯
05:26:13 [0m[34m[INFO] [0mLinking targets with dependencies
05:26:13 [0m[34m[INFO] [0mScanning targets for srcs and incs, only major targets and their deps are scanned
Error:   × VM UI error: DynamicComponent init failed: VmBridge init failed for 'App':
  │ invalid state: link failed for 'App': Undefined symbol: mux_resize_branch
  │ in module App

