---------------------------
AutoNexus / Auto CLI
---------------------------
Loading AmConfig from Some("C:\\Users\\zhaop\\.auto\\auto-man\\am.at")...
AmConfig: AmConfig {
  name: default
  index: {
    soutek: git@codeup.aliyun.com:soutek/auto-stack/auto-index.git
    default: git@gitee.com:auto-stack/auto-index.git
    boe: git@codeup.aliyun.com:soutek/boe/index.git
  }
}


Loaded port: windows_ninja
port NAME: windows_ninja
05:37:25 [0m[33m[WARN] [0mPac::new: skipping unknown target node 'rust_sidecar'
all index: {"soutek": "git@codeup.aliyun.com:soutek/auto-stack/auto-index.git", "default": "git@gitee.com:auto-stack/auto-index.git", "boe": "git@codeup.aliyun.com:soutek/boe/index.git"}
used index: ["default"]
05:37:25 [0m[34m[INFO] [0mloading index store from C:/Users/zhaop/.auto/auto-man/index/default
setting port builder: windows_ninja ninja, at build
05:37:25 [0m[34m[INFO] [0mAutoCache initialized for project: auto-term
  Backend API server port: 17401 (from pac.at)
  Frontend dev server port: 17400 (from pac.at)
  VM window size: 802x482 (from pac.at)
  VM window title: 终端 (from pac.at)
  UI theme: dark (from pac.at)
05:37:25 [0m[34m[INFO] [0mRunning project ...

------------ output ------------
─────────────────────────────────
Cache: 1 files, 1 artifacts cached
─────────────────────────────────

  ✓ vm+vm merged mode: backend runs in-process (no HTTP server)
05:37:25 [0m[33m[WARN] [0mPac::new: skipping unknown target node 'rust_sidecar'
Running VM interpreter UI (backend: vm, merged)
05:37:25 [0m[33m[WARN] [0mPac::new: skipping unknown target node 'rust_sidecar'
05:37:25 [0m[34m[INFO] [0mDownloading deps
05:37:25 [0m[34m[INFO] [0mdownload done!
05:37:25 [0m[34m[INFO] [0m--- pac: auto-term ---

╭──────┬──────┬────┬──────╮
│[94m [39m[94mname[39m[94m [39m│[94m [39m[94mkind[39m[94m [39m│[94m [39m[94mat[39m[94m [39m│[94m [39m[94mdirs[39m[94m [39m│
╰──────┴──────┴────┴──────╯
05:37:25 [0m[34m[INFO] [0mLinking targets with dependencies
05:37:25 [0m[34m[INFO] [0mScanning targets for srcs and incs, only major targets and their deps are scanned
════ 019 PROBE link-fail module='App' relocs=["db.get_lines", "db.term_send", "db.term_interrupt", "db.term_menu_take", "db.term_pump_input", "db.term_apply_resize", "db.term_cols", "db.term_rows", "db.term_cursor_row", "db.term_cursor_col", "db.term_backlog_sample", "db.term_backlog_alerts_total", "db.term_backlog_pending_mb", "db.term_backlog_paused", "db.term_backlog_dropped", "db.term_exited", "db.mux_split", "db.mux_close_pane", "db.mux_focus", "db.mux_zoom", "db.mux_new_tab", "db.mux_close_tab", "db.mux_activate_tab", "db.mux_snapshot", "db.mux_cols", "db.mux_rows", "db.mux_focus_key", "db.mux_tabs", "db.mux_tab_count", "db.mux_tab_id_at", "db.mux_tab_is_active_at", "db.mux_tab_title_at", "db.mux_pane_lines", "db.mux_pane_cols", "db.mux_pane_rows", "db.mux_pane_cursor_row", "db.mux_pane_cursor_col", "db.mux_visible_pane_count", "db.mux_split_axis", "db.mux_slot_pane_id", "db.mux_slot_pane_key", "db.mux_focus_id", "db.mux_zoom_active", "db.mux_layout", "db.mux_enqueue", "db.mux_rect_kind", "db.mux_rect_pane", "db.mux_rect_key", "db.mux_rect_branch", "db.mux_rect_axis", "db.mux_rect_x", "db.mux_rect_y", "db.mux_rect_w", "db.mux_rect_h", "db.mux_window_width", "db.mux_window_height", "db.mux_resize_branch", "db.tab_index", "db.node_index", "db.leftmost_pane", "db.leftmost_pane", "db.tab_index", "db.node_index", "db.list_remove_int", "db.list_remove_int", "db.list_remove_int", "db.list_remove_int", "db.list_remove_int", "db.list_remove_int", "db.list_remove_int", "db.list_remove_int", "db.list_remove_int", "db.list_remove_str", "db.list_remove_int", "db.list_remove_str", "db.list_remove_str", "db.list_remove_int", "db.list_remove_int", "db.list_remove_bool", "db.active_tab_index", "db.pane_index", "db.node_index", "db.pane_index", "db.rects_recompute", "db.rects_ready", "db.rect_at", "db.rects_ready", "db.rect_at", "db.rects_ready", "db.rects_ready", "db.rect_at", "db.rects_ready", "db.rect_at", "db.rects_ready", "db.rect_at", "db.rects_ready", "db.rect_at", "db.rects_ready", "db.rect_at", "db.rects_ready", "db.rect_at", "term.window_width", "term.window_height", "db.node_index", "db.tab_index", "db.list_remove_int", "db.list_remove_int", "db.list_remove_int", "db.list_remove_int", "db.list_remove_int", "db.node_index", "db.node_index", "db.rect_of_node", "db.bump_layout_epoch", "db.active_tab_index", "db.mux_focus_pane_id", "db.pane_index", "db.mux_focus_pane_id", "db.pane_index", "db.active_tab_index", "db.list_remove_int", "db.list_remove_int", "api.mux_new_tab", "api.mux_split", "db.mux_focus_pane_id", "api.mux_close_pane", "api.mux_zoom", "api.mux_activate_tab", "api.mux_close_tab", "api.mux_new_tab", "db.active_tab_index", "db.leaf_node_of_pane", "db.spawn_pane_into_tab", "db.replace_child", "db.bump_layout_epoch", "db.node_index", "db.pane_index", "db.leaf_node_of_pane", "db.tab_index", "api.mux_close_tab", "db.replace_child", "db.drop_node", "db.drop_node", "db.remove_pane_at", "db.leftmost_pane", "db.bump_layout_epoch", "db.pane_index", "db.tab_index", "db.active_tab_index", "db.bump_layout_epoch", "db.bump_layout_epoch", "db.leaf_node_of_pane", "db.rect_of_node", "mux_resize_branch", "db.spawn_pane_into_tab", "db.node_index", "db.bump_layout_epoch", "db.tab_index", "db.remove_pane_at", "db.list_remove_int", "db.list_remove_int", "db.list_remove_int", "db.list_remove_int", "db.list_remove_int", "db.list_remove_int", "db.list_remove_int", "db.list_remove_int", "db.list_remove_int", "db.list_remove_int", "db.list_remove_int", "db.bump_layout_epoch", "db.tab_index", "db.bump_layout_epoch", "db.mux_focus_pane_id", "db.mux_focus_handle", "db.mux_init", "db.mux_drain_actions", "db.mux_focus_handle", "db.drain_invisible", "db.mux_focus_pane_id", "db.mux_visible_pane_ids", "db.pane_index", "db.mux_focus_key_inner", "db.mux_visible_pane_ids", "db.contains_int", "db.mux_focus_handle", "db.mux_focus_handle", "db.mux_visible_pane_ids", "db.pane_index", "db.set_focus_if_active_tab", "db.active_tab_index", "db.pane_index", "db.mux_focus_pane_id", "db.pane_index", "db.mux_focus_handle", "db.mux_focus_handle", "db.mux_focus_handle", "db.mux_focus_key_inner", "db.mux_focus_pane_id", "api.mux_tab_title_at", "mux_tab_id_at", "db.pane_index", "db.pane_index", "db.pane_index", "db.pane_index", "db.pane_index", "db.mux_visible_pane_ids", "db.active_tab_index", "db.node_index", "db.rects_ready", "mux_rect_kind", "db.rects_ready", "mux_rect_kind", "db.active_tab_index", "db.active_tab_index", "db.rects_ready", "mux_split_axis", "mux_slot_pane_id", "mux_slot_pane_id", "mux_visible_pane_count", "db.mux_focus_pane_id", "api.mux_focus_id", "api.mux_enqueue", "api.term_apply_resize", "api.get_lines", "api.mux_tab_count", "api.mux_tab_id_at", "api.mux_tab_title_at", "api.mux_tab_is_active_at", "api.mux_slot_pane_id", "api.mux_slot_pane_id", "api.mux_slot_pane_key", "api.mux_slot_pane_key", "api.mux_split_axis", "api.mux_zoom_active", "api.mux_pane_lines", "api.mux_pane_lines", "api.mux_pane_cols", "api.mux_pane_rows", "api.mux_pane_cols", "api.mux_pane_rows", "api.mux_pane_cursor_row", "api.mux_pane_cursor_col", "api.mux_pane_cursor_row", "api.mux_pane_cursor_col", "api.term_cols", "api.term_rows", "api.term_pump_input", "api.mux_pane_lines", "api.mux_pane_lines", "api.mux_pane_cursor_row", "api.mux_pane_cursor_col", "api.mux_pane_cursor_row", "api.mux_pane_cursor_col", "api.term_menu_take", "api.term_interrupt", "api.mux_pane_lines", "api.mux_pane_lines", "api.mux_enqueue", "api.mux_enqueue", "api.mux_focus_id", "api.mux_enqueue", "api.mux_enqueue", "api.mux_enqueue", "api.mux_focus_id", "api.mux_enqueue", "api.mux_tab_count", "api.mux_tab_is_active_at", "api.mux_tab_id_at", "api.mux_enqueue", "api.mux_tab_count", "api.mux_tab_is_active_at", "api.mux_tab_id_at", "api.mux_enqueue", "api.mux_tab_count", "api.mux_tab_is_active_at", "api.mux_tab_id_at", "api.mux_enqueue", "api.mux_enqueue", "api.mux_tab_id_at", "api.mux_enqueue", "api.mux_tab_id_at", "api.mux_enqueue", "api.term_apply_resize", "api.get_lines", "api.mux_tab_count", "api.mux_tab_id_at", "api.mux_tab_title_at", "api.mux_tab_is_active_at", "api.mux_slot_pane_id", "api.mux_slot_pane_id", "api.mux_slot_pane_key", "api.mux_slot_pane_key", "api.mux_split_axis", "api.mux_zoom_active", "api.mux_pane_lines", "api.mux_pane_lines", "api.mux_pane_cols", "api.mux_pane_rows", "api.mux_pane_cols", "api.mux_pane_rows", "api.mux_pane_cursor_row", "api.mux_pane_cursor_col", "api.mux_pane_cursor_row", "api.mux_pane_cursor_col", "api.term_cols", "api.term_rows", "api.mux_focus_id", "api.mux_enqueue"] ════
════ 019 PROBE symbols=["__module_init", "api.get_lines", "api.mux_activate_tab", "api.mux_close_pane", "api.mux_close_tab", "api.mux_cols", "api.mux_enqueue", "api.mux_focus", "api.mux_focus_id", "api.mux_focus_key", "api.mux_layout", "api.mux_new_tab", "api.mux_pane_cols", "api.mux_pane_cursor_col", "api.mux_pane_cursor_row", "api.mux_pane_lines", "api.mux_pane_rows", "api.mux_rect_axis", "api.mux_rect_branch", "api.mux_rect_h", "api.mux_rect_key", "api.mux_rect_kind", "api.mux_rect_pane", "api.mux_rect_w", "api.mux_rect_x", "api.mux_rect_y", "api.mux_resize_branch", "api.mux_rows", "api.mux_slot_pane_id", "api.mux_slot_pane_key", "api.mux_snapshot", "api.mux_split", "api.mux_split_axis", "api.mux_tab_count", "api.mux_tab_id_at", "api.mux_tab_is_active_at", "api.mux_tab_title_at", "api.mux_tabs", "api.mux_visible_pane_count", "api.mux_window_height", "api.mux_window_width", "api.mux_zoom", "api.mux_zoom_active", "api.term_apply_resize", "api.term_backlog_alerts_total", "api.term_backlog_dropped", "api.term_backlog_paused", "api.term_backlog_pending_mb", "api.term_backlog_sample", "api.term_cols", "api.term_cursor_col", "api.term_cursor_row", "api.term_exited", "api.term_interrupt", "api.term_menu_take", "api.term_pump_input", "api.term_rows", "api.term_send", "db.active_tab_index", "db.bump_layout_epoch", "db.contains_int", "db.drain_invisible", "db.drop_node", "db.get_lines", "db.leaf_node_of_pane", "db.leftmost_pane", "db.list_remove_bool", "db.list_remove_int", "db.list_remove_str", "db.mux_activate_tab", "db.mux_close_pane", "db.mux_close_tab", "db.mux_cols", "db.mux_drain_actions", "db.mux_enqueue", "db.mux_focus", "db.mux_focus_handle", "db.mux_focus_id", "db.mux_focus_key", "db.mux_focus_key_inner", "db.mux_focus_pane_id", "db.mux_init", "db.mux_layout", "db.mux_new_tab", "db.mux_pane_cols", "db.mux_pane_cursor_col", "db.mux_pane_cursor_row", "db.mux_pane_lines", "db.mux_pane_rows", "db.mux_rect_axis", "db.mux_rect_branch", "db.mux_rect_h", "db.mux_rect_key", "db.mux_rect_kind", "db.mux_rect_pane", "db.mux_rect_w", "db.mux_rect_x", "db.mux_rect_y", "db.mux_resize_branch", "db.mux_resize_pane", "db.mux_rows", "db.mux_slot_pane_id", "db.mux_slot_pane_key", "db.mux_snapshot", "db.mux_split", "db.mux_split_axis", "db.mux_tab_count", "db.mux_tab_id_at", "db.mux_tab_is_active_at", "db.mux_tab_title_at", "db.mux_tabs", "db.mux_visible_pane_count", "db.mux_visible_pane_ids", "db.mux_window_height", "db.mux_window_width", "db.mux_zoom", "db.mux_zoom_active", "db.node_index", "db.pane_index", "db.rect_at", "db.rect_of_node", "db.rects_ready", "db.rects_recompute", "db.remove_pane_at", "db.replace_child", "db.set_focus_if_active_tab", "db.spawn_pane_into_tab", "db.tab_index", "db.term_apply_resize", "db.term_backlog_alerts_total", "db.term_backlog_dropped", "db.term_backlog_paused", "db.term_backlog_pending_mb", "db.term_backlog_sample", "db.term_cols", "db.term_cursor_col", "db.term_cursor_row", "db.term_exited", "db.term_interrupt", "db.term_menu_take", "db.term_pump_input", "db.term_rows", "db.term_send", "handler_App_CloseFocusPane", "handler_App_Init", "handler_App_KeyIn", "handler_App_Menu", "handler_App_NewTab", "handler_App_SchemeToggle", "handler_App_Shortcut", "handler_App_Split", "handler_App_TabActivate", "handler_App_TabClose", "handler_App_Tick", "handler_App_Zoom"] ════
Error:   × VM UI error: DynamicComponent init failed: VmBridge init failed for 'App':
  │ invalid state: link failed for 'App': Undefined symbol: term.window_width
  │ in module App

